PS C:\Users\maruyama\Documents\副業関連\課題\git_challenge> echo "Hello, world!" >> hello_world.txt
PS C:\Users\maruyama\Documents\副業関連\課題\git_challenge> git init
Initialized empty Git repository in C:/Users/maruyama/Documents/副業関連/課題/git_challenge/.git/
PS C:\Users\maruyama\Documents\副業関連\課題\git_challenge> git add hello_world.txt
PS C:\Users\maruyama\Documents\副業関連\課題\git_challenge> git commit -m "hello_world.txtを追加"
[main (root-commit) 0b3f41b] hello_world.txtを追加
 1 file changed, 0 insertions(+), 0 deletions(-)
 create mode 100644 hello_world.txt
PS C:\Users\maruyama\Documents\副業関連\課題\git_challenge> echo "こんにちは、世界！"　>> hello_world.txt
PS C:\Users\maruyama\Documents\副業関連\課題\git_challenge> git add hello_world.txt
PS C:\Users\maruyama\Documents\副業関連\課題\git_challenge> git commit -m "日本語訳を追記"
[main 6688fa8] 日本語訳を追記
 1 file changed, 0 insertions(+), 0 deletions(-)
PS C:\Users\maruyama\Documents\副業関連\課題\git_challenge> git log --oneline
6688fa8 (HEAD -> main) 日本語訳を追記
0b3f41b hello_world.txtを追加